[technext.github.io/covid/index.html]
[backblue.gif]
[fade.gif]
[index.html]
[technext.github.io/covid/fonts/icomoon/style.css]
[technext.github.io/covid/css/bootstrap.min.css]
[technext.github.io/covid/css/jquery-ui.css]
[technext.github.io/covid/css/owl.carousel.min.css]
[technext.github.io/covid/css/owl.theme.default.min.css]
[technext.github.io/covid/css/jquery.fancybox.min.css]
[technext.github.io/covid/css/bootstrap-datepicker.css]
[technext.github.io/covid/fonts/flaticon/font/flaticon.css]
[technext.github.io/covid/fonts/flaticon-covid/font/flaticon.css]
[technext.github.io/covid/css/aos.css]
[technext.github.io/covid/css/style.css]
[technext.github.io/covid/index-2.html]
[technext.github.io/covid/prevention.html]
[technext.github.io/covid/symptoms.html]
[technext.github.io/covid/about.html]
[technext.github.io/covid/blog.html]
[technext.github.io/covid/contact.html]
[technext.github.io/covid/images/illustration.png]
[technext.github.io/covid/images/hero_1.jpg]
[technext.github.io/covid/images/protect.png]
[technext.github.io/covid/images/symptom_high-fever.png]
[technext.github.io/covid/images/symptom_cough.png]
[technext.github.io/covid/images/symptom_sore-troath.png]
[technext.github.io/covid/images/symptom_headache.png]
[technext.github.io/covid/images/hero_2.jpg]
[technext.github.io/covid/js/jquery-3.3.1.min.js]
[technext.github.io/covid/js/jquery-ui.js]
[technext.github.io/covid/js/popper.min.js]
[technext.github.io/covid/js/bootstrap.min.js]
[technext.github.io/covid/js/owl.carousel.min.js]
[technext.github.io/covid/js/jquery.countdown.min.js]
[technext.github.io/covid/js/jquery.easing.1.3.js]
[technext.github.io/covid/js/aos.js]
[technext.github.io/covid/js/jquery.fancybox.min.js]
[technext.github.io/covid/js/jquery.sticky.js]
[technext.github.io/covid/js/isotope.pkgd.min.js]
[technext.github.io/covid/index.html]
[technext.github.io/covid/js/main.js]
[technext.github.io/covid/fonts/icomoon/fonts/icomoon1a44.eot]
[technext.github.io/covid/fonts/icomoon/fonts/icomoon1a44.ttf]
[technext.github.io/covid/fonts/icomoon/fonts/icomoon1a44.woff]
[technext.github.io/covid/fonts/icomoon/style.css]
[technext.github.io/covid/css/bootstrap.min.css]
[technext.github.io/covid/fonts/icomoon/fonts/icomoon1a44.svg]
[technext.github.io/covid/css/images/ui-bg_gloss-wave_55_5c9ccc_500x100.png]
[technext.github.io/covid/css/images/ui-bg_glass_85_dfeffc_1x400.png]
[technext.github.io/covid/css/images/ui-bg_glass_75_d0e5f5_1x400.png]
[technext.github.io/covid/css/images/ui-bg_inset-hard_100_f5f8f9_1x100.png]
[technext.github.io/covid/css/images/ui-bg_glass_95_fef1ec_1x400.png]
[technext.github.io/covid/css/images/ui-icons_469bdd_256x240.png]
[technext.github.io/covid/css/images/ui-icons_d8e7f3_256x240.png]
[technext.github.io/covid/css/images/ui-icons_6da8d5_256x240.png]
[technext.github.io/covid/css/images/ui-icons_217bc0_256x240.png]
[technext.github.io/covid/css/images/ui-icons_f9bd01_256x240.png]
[technext.github.io/covid/css/images/ui-icons_2e83ff_256x240.png]
[technext.github.io/covid/css/images/ui-icons_cd0a0a_256x240.png]
[technext.github.io/covid/css/jquery-ui.css]
[technext.github.io/covid/css/owl.video.play.png]
[technext.github.io/covid/css/owl.carousel.min.css]
[technext.github.io/covid/css/owl.theme.default.min.css]
[technext.github.io/covid/css/jquery.fancybox.min.css]
[technext.github.io/covid/css/bootstrap-datepicker.css]
[technext.github.io/covid/fonts/flaticon/font/Flaticon.eot]
[technext.github.io/covid/fonts/flaticon/font/Flaticond41d.eot]
[technext.github.io/covid/fonts/flaticon/font/Flaticon.woff2]
[technext.github.io/covid/fonts/flaticon/font/Flaticon.woff]
[technext.github.io/covid/fonts/flaticon/font/Flaticon.ttf]
[technext.github.io/covid/fonts/flaticon/font/Flaticon.svg]
[technext.github.io/covid/fonts/flaticon/font/flaticon.css]
[technext.github.io/covid/fonts/flaticon-covid/font/Flaticon.eot]
[technext.github.io/covid/fonts/flaticon-covid/font/Flaticond41d.eot]
[technext.github.io/covid/fonts/flaticon-covid/font/Flaticon.woff2]
[technext.github.io/covid/fonts/flaticon-covid/font/Flaticon.woff]
[technext.github.io/covid/fonts/flaticon-covid/font/Flaticon.ttf]
[technext.github.io/covid/fonts/flaticon-covid/font/flaticon.css]
[technext.github.io/covid/css/aos.css]
[technext.github.io/covid/css/style.css]
[technext.github.io/covid/index-2.html]
[technext.github.io/covid/prevention.html]
[technext.github.io/covid/fonts/flaticon-covid/font/Flaticon.svg]
[technext.github.io/covid/images/symptoms.png]
[technext.github.io/covid/symptoms.html]
[technext.github.io/covid/images/person_1.jpg]
[technext.github.io/covid/images/person_2.jpg]
[technext.github.io/covid/images/person_3.jpg]
[technext.github.io/covid/about.html]
[technext.github.io/covid/blog.html]
[technext.github.io/covid/contact.html]
[technext.github.io/covid/fonts/icomoon/fonts/icomoon1a44.svg]
[technext.github.io/covid/css/images/ui-bg_gloss-wave_55_5c9ccc_500x100.html]
[technext.github.io/covid/css/images/ui-bg_glass_85_dfeffc_1x400.html]
[technext.github.io/covid/css/images/ui-bg_glass_75_d0e5f5_1x400.html]
[technext.github.io/covid/css/images/ui-bg_inset-hard_100_f5f8f9_1x100.html]
[technext.github.io/covid/css/images/ui-bg_glass_95_fef1ec_1x400.html]
[technext.github.io/covid/css/images/ui-icons_469bdd_256x240.html]
[technext.github.io/covid/css/images/ui-icons_d8e7f3_256x240.html]
[technext.github.io/covid/css/images/ui-icons_6da8d5_256x240.html]
[technext.github.io/covid/css/images/ui-icons_217bc0_256x240.html]
[technext.github.io/covid/css/images/ui-icons_f9bd01_256x240.html]
[technext.github.io/covid/css/images/ui-icons_2e83ff_256x240.html]
[technext.github.io/covid/css/images/ui-icons_cd0a0a_256x240.html]
[technext.github.io/covid/css/owl.video.play.html]
[technext.github.io/covid/fonts/flaticon/font/Flaticon.svg]
[technext.github.io/covid/fonts/flaticon-covid/font/Flaticon.svg]
